========================================
Job: cav_sk-pinn_mlp_s0
Problem: cavity
Method: sk-pinn
Model: mlp
Seed: 0
Started: Mon 27 Apr 2026 01:39:57 PM EDT
========================================
Mon Apr 27 13:39:57 2026       
+-----------------------------------------------------------------------------------------+
| NVIDIA-SMI 570.211.01             Driver Version: 570.211.01     CUDA Version: 12.8     |
|-----------------------------------------+------------------------+----------------------+
| GPU  Name                 Persistence-M | Bus-Id          Disp.A | Volatile Uncorr. ECC |
| Fan  Temp   Perf          Pwr:Usage/Cap |           Memory-Usage | GPU-Util  Compute M. |
|                                         |                        |               MIG M. |
|=========================================+========================+======================|
|   0  NVIDIA H100 80GB HBM3          Off |   00000000:4E:00.0 Off |                   On |
| N/A   57C    P0            285W /  700W |    4177MiB /  81559MiB |     N/A      Default |
|                                         |                        |              Enabled |
+-----------------------------------------+------------------------+----------------------+

+-----------------------------------------------------------------------------------------+
| MIG devices:                                                                            |
+------------------+----------------------------------+-----------+-----------------------+
| GPU  GI  CI  MIG |                     Memory-Usage |        Vol|        Shared         |
|      ID  ID  Dev |                       BAR1-Usage | SM     Unc| CE ENC  DEC  OFA  JPG |
|                  |                                  |        ECC|                       |
|==================+==================================+===========+=======================|
|  0    3   0   0  |              17MiB / 20096MiB    | 32      0 |  2   0    2    0    2 |
|                  |                 0MiB / 32767MiB  |           |                       |
+------------------+----------------------------------+-----------+-----------------------+
                                                                                         
+-----------------------------------------------------------------------------------------+
| Processes:                                                                              |
|  GPU   GI   CI              PID   Type   Process name                        GPU Memory |
|        ID   ID                                                               Usage      |
|=========================================================================================|
|  No running processes found                                                             |
+-----------------------------------------------------------------------------------------+
======================================================================
UNIFIED BENCHMARK: Lid-Driven Cavity NS+Smagorinsky
======================================================================
Problem:   cavity
Method:    sk-pinn
Model:     mlp
Optimizer: adam
LR:        0.001
Epochs:    30000
Seed:      0
Grid:      200x200
Technique: none
Device:    cuda
GPU:       NVIDIA H100 80GB HBM3 MIG 2g.20gb
PyTorch:   2.9.0
Tag:       multiseed_20260427
Output:    results/lid_benchmark_results.csv
Tracking:  every 100 epochs
======================================================================
Tracking to: results/tracking_cavity_sk-pinn_mlp_s0_multiseed_20260427.csv
  SK-PINN: building RKPM matrices for 200x200 uniform grid...
  dx=0.005025, h=0.007035, radius=0.014070
  SK-PINN: sparse Dx/Dy nnz=831209/1600000000 (0.05% dense)
  SK-PINN: N_all=40000, interior=39204, lid=200, wall=596
  Epoch 5000: loss=0.008421
  Epoch 10000: loss=0.007113
