========================================
Job: cav_dtpinn_mlp_s0
Problem: cavity
Method: dtpinn
Model: mlp
Seed: 0
Started: Mon 27 Apr 2026 01:26:48 PM EDT
========================================
Mon Apr 27 13:26:48 2026       
+-----------------------------------------------------------------------------------------+
| NVIDIA-SMI 570.211.01             Driver Version: 570.211.01     CUDA Version: 12.8     |
|-----------------------------------------+------------------------+----------------------+
| GPU  Name                 Persistence-M | Bus-Id          Disp.A | Volatile Uncorr. ECC |
| Fan  Temp   Perf          Pwr:Usage/Cap |           Memory-Usage | GPU-Util  Compute M. |
|                                         |                        |               MIG M. |
|=========================================+========================+======================|
|   0  NVIDIA H100 80GB HBM3          Off |   00000000:4E:00.0 Off |                   On |
| N/A   65C    P0            475W /  700W |   27475MiB /  81559MiB |     N/A      Default |
|                                         |                        |              Enabled |
+-----------------------------------------+------------------------+----------------------+

+-----------------------------------------------------------------------------------------+
| MIG devices:                                                                            |
+------------------+----------------------------------+-----------+-----------------------+
| GPU  GI  CI  MIG |                     Memory-Usage |        Vol|        Shared         |
|      ID  ID  Dev |                       BAR1-Usage | SM     Unc| CE ENC  DEC  OFA  JPG |
|                  |                                  |        ECC|                       |
|==================+==================================+===========+=======================|
|  0    3   0   0  |              17MiB / 20096MiB    | 32      0 |  2   0    2    0    2 |
|                  |                 0MiB / 32767MiB  |           |                       |
+------------------+----------------------------------+-----------+-----------------------+
                                                                                         
+-----------------------------------------------------------------------------------------+
| Processes:                                                                              |
|  GPU   GI   CI              PID   Type   Process name                        GPU Memory |
|        ID   ID                                                               Usage      |
|=========================================================================================|
|  No running processes found                                                             |
+-----------------------------------------------------------------------------------------+
======================================================================
UNIFIED BENCHMARK: Lid-Driven Cavity NS+Smagorinsky
======================================================================
Problem:   cavity
Method:    dtpinn
Model:     mlp
Optimizer: lbfgs
LR:        0.04
Epochs:    5000
Seed:      0
Grid:      50x50
Technique: none
Device:    cuda
GPU:       NVIDIA H100 80GB HBM3 MIG 2g.20gb
PyTorch:   2.9.0
Tag:       multiseed_20260427
Output:    results/lid_benchmark_results.csv
Tracking:  every 100 epochs
======================================================================
Tracking to: results/tracking_cavity_dtpinn_mlp_s0_multiseed_20260427.csv
  RBF-FD grid: Ni=2296, Nb=204, Ng=204, Nf=2704, h=0.0200, p=4
  Epoch 1: loss=1.075034e+00
  Epoch 5000: loss=3.390936e-04

Evaluating on 51x51 uniform grid...

Best tracked model at epoch 100 (PDE 0.025085) < final (PDE 1.485744). Restoring...
Re-evaluated best model: PDE RMS = 0.025085

======================================================================
RESULTS
======================================================================
Status:          OK
Train time:      977.59s (16.29 min)
ms/epoch:        195.52
Peak GPU mem:    472.9 MB
Parameters:      21187
PDE RMS:         0.025085
Continuity RMS:  0.009716
Momentum RMS:    0.023127
Final loss:      0.00033909360173183905
Best epoch:      100
======================================================================

Results appended to results/lid_benchmark_results.csv
Tracking data saved to results/tracking_cavity_dtpinn_mlp_s0_multiseed_20260427.csv
========================================
Finished: Mon 27 Apr 2026 01:43:20 PM EDT
========================================
